// Jest Snapshot v1, https://goo.gl/fbAQLP

exports[`React unit tests <HudItems /> should render correclty 1`] = `undefined`;
