// Jest Snapshot v1, https://goo.gl/fbAQLP

exports[`React unit tests Filler /> should render correctly 1`] = `
<div
  className="filler"
  style={
    Object {
      "width": "50%",
    }
  }
/>
`;
