// Jest Snapshot v1, https://goo.gl/fbAQLP

exports[`React unit tests HealthBar /> should render correctly 1`] = `
<div
  className="health-bar"
>
  <Filler
    hp={100}
    percentage={50}
  />
</div>
`;
