// Jest Snapshot v1, https://goo.gl/fbAQLP

exports[`React unit tests <Button /> should render correctly 1`] = `""`;
