// Jest Snapshot v1, https://goo.gl/fbAQLP

exports[`React unit tests <ConfirmDialog /> should render correctly 1`] = `""`;
