// Jest Snapshot v1, https://goo.gl/fbAQLP

exports[`React unit tests <LoadIcon /> should render correctly 1`] = `
<div
  className="loading"
/>
`;
