// Jest Snapshot v1, https://goo.gl/fbAQLP

exports[`React unit tests <Player /> Should render correctly 1`] = `undefined`;
