// Jest Snapshot v1, https://goo.gl/fbAQLP

exports[`React Unit Tests <Shop /> should render correctly 1`] = `undefined`;
