// Jest Snapshot v1, https://goo.gl/fbAQLP

exports[`React unit tests <World /> Should render correctly 1`] = `
<div
  style={
    Object {
      "height": "400px",
      "margin": "20px auto",
      "position": "relative",
      "width": "800px",
    }
  }
>
  <Map />
</div>
`;
