// Jest Snapshot v1, https://goo.gl/fbAQLP

exports[`React unit test <App /> should match snapshot 1`] = `undefined`;
